// Jest Snapshot v1, https://goo.gl/fbAQLP

exports[`The snapshot matches 1`] = `
<div
  className="auth-page-container"
>
  <div
    className="auth-form"
  >
    <div />
  </div>
</div>
`;
